=== YouTube Transcript Test ===
Video ID: JK-3_sWW1lA

[Step 1] Fetching YouTube page...
HTML length: 1127520

[Step 2] Extracting API key...
API Key: AIzaSyAO_FJ2SlqU8Q4STEHLGCilw_Y9_11qcW8

[Step 3] Calling Innertube API...
Playability: OK
Has captions: true

[Step 4] Caption tracks: 1
  0: ko (asr) - https://www.youtube.com/api/timedtext?v=JK-3_sWW1l...

[Step 5] Fetching transcript from: ko
XML length: 135946
XML preview: <?xml version="1.0" encoding="utf-8" ?><transcript><text start="0.199" dur="3.76">안녕하세요 서제로 36입니다 시작에</text><text start="2.159" dur="4.2">앞서 항상 응원해 주시는 분들께</text><text start="3.959" dur="3.84">진심으로 고개 숙여 감사드립니다</text><text start="6.359" dur="2.601">생각보다 질문이 많더라고요 한</text><text start="7.799" dur="3.0

[Step 6] Parsing...
Segments parsed: 1
First 3 segments: [
  {
    start: 0.199,
    duration: 3.76,
    text: '안녕하세요 서제로 36입니다 시작에앞서 항상 응원해 주시는 분들께진심으로 고개 숙여 감사드립니다생각보다 질문이 많더라고요 한100개만 돼도 많을 거라고생각했는데 천개가 넘어 버렸어요언제나 그랬듯 한치에 거짓 없이성실하게 대답하겠습니다 q&amp;a 연구후회하시나요 아니요이 질문을 q&amp;a영상 첫 번째로 넣어 주실 수있으신가요 공손한 말투와 달리 위험한닉네임을 갖고 계시군요 곧 시진핑아저씨가 당신을 잡아갈 겁니다 여행유튜버 하기 전에 무슨 일을 하셨나요대학 졸업하고 홈 프로텍터로 2년동안 성실하게 근무했습니다 세계여행을 결정했을 때 주변 반응은어땠나요 친구들은 별 관심이 없었고부모님은 반대하셨습니다 부모님은 제가남들하고 다르게 생각하고 행동하는 걸항상 걱정하시 그든 그래서 항상처음에는 반대하시는 시작하고 나면은그냥 알아서 잘 하겠 거니 하고내버려 두십니다 알고리즘 개쩐다구독자 상승 그래프 궁금해짐 저도이게 이렇게까지 될 줄 몰랐어요채널에 주의 연령층이 궁금해요 저랑비슷한 또래가 대부분이더라고요20대가 대부분 그리고 30대 40대50대 순입니다 여행 유튜브 치고는연령대가 많이 젊은 편에 속하는 거같아요 학 궁금합니다 아 그리고금수저인가 그냥 평범한 대졸인생입니다 금수저보다 금수의가깝습니다 여행 경미는 어떻게마련하나요 대학생때 돈을 다 모아놨었어요 제가 국립 학교를 다해서그런지 모르겠는데 자금을 아주뿌려줬어요 그러니까 예를 들어서 제가대학교 홍보대사 회장을 했었는데 그걸하면은 재미도 있는데 매 학기마다장학금을 100% 지원해 줬거든요그것뿐만이 아니라 뭐 어디 대회나가서 1등하면 100만 원 50만원 이렇게 엄청 막 퍼졌어요 그래서생각보다 돈을 모으는 거는 어렵지않았고 중간중간 알바 같은 것도당연히 했습니다 근데 코로나 가터지고 2년 동안 발이 묶이면서 그걸생활비로 다 써 버렸어요 그래서 막상여행 갈 때는 부모님한테 돈을 빌려서갔습니다 그리고 이번 달부터는 갚고있습니다 다 여러분들 덕분입니다 이번세계 여행 전에는 공익하면서 모았던월급 뭐 알바 하면서 모았던 월급예를 들어서 뭐 공장에서도 일해 봤고상하차들 해봤습니다 뭐 그런 돈으로여행했습니다 나무위키에 등재해도되나요 이미 등지가 되어 있던데요근데 전 186인데 왜 182로 적어놓은 거죠 저는 용수철이 아닙니다솔직히 쥐방울만한 꼬맹이들이 니아우니아우 거리면서 쫄래쫄래 따라올 때파모 버리고 싶었던 적 있나요타지키스탄에서 짜증났어요 얘네가상대방을 놀리는지 안 놀리는지 눈이랑몸을 보면 알 수 있거든요 이렇게쫄라 있어요 걔네가 니아우 니어하면서 까불 때 근데 브룬디 전혀그런게 아니었어요 얘네는 그인지자체를 못 하고 있더라고이 이렇게얘기했을 때 상대방 기분 나쁠 거라는생각을 안 하고 그냥 칭총 칭총 하는거였어요 그래서 뭐 니아우 마찬가지고그래서 부른디 한정에서 전혀 화나지않았습니다 타지키스탄에서 저를 놀렸던애들은 여럿 묻었습니다 그 친구들은다 사과나무가 되었습니다 부른디 보고바로 구독했습니다 혹시 여행비는어떻게 충당하 있는지 신뢰가 아니라면전공하신 학과 같은 것도 궁금합니다굉장히 신뢰되는 질문이지만 대답해드리겠습니다 저는 서울과학 기술대학교에 msd 학과라는 곳을졸업했는데 쉽게 얘기해서 기계공학70% 전자공학 30% 배우는학과라고 생각하시면 돼요 특히 말해다아주 재밌죠이 재밌는 거를 전부 다영어로 배웠어야 됐어요 너무너무행복했는데 이게 다음 질문이랑이어져요 영어 시원시원 하는게 너무부러운데 실력을 늘리게 된 스토리가궁금해요 저희 학과는 영어만 쓸 수있습니다 수업도 질문도 발표도 시험문제도 교과서도 다 영어로 해야 돼요영어가 안 늘을 수가 없었어요 이것때문에 어거지로 늘었지 영어 잘하고싶은 욕심이 생겨서 뭐 개인적으로공부를 하거나 그러지 않았습니다쉐도잉 같은 걸 한번 시도해 본 적이있는데 하루도 안 돼서 그냥포기했어요 왜냐면 제가 드라마를 안좋아해서 재미가 없더라고요 유학 워킹홀리데이 교환 학생 하나도 못 해봤습니다 영상 볼 때마다 왠지 모를비번 마이 느껴지는데요 혹시 뭐하시던 분이신가요 이게 왜 좋아요가많이 찍혀 있는 거죠 저 진짜아무것도 아니에요 개백 수입니다여행을 시작하신 이유가 궁금해요여행을 시작하게 된 계기는 20살대로 거슬러 올라가야 되는데 이제20살이 막 되면서 어떤 강박이 엄청세게 하나 박혔어요 20대를후회하면서 보내지 말자는 그 강박이너무너무 세서 제가 대학교 1학년때학교 끝나고 집에 돌아오면은 매일 몇시간 동안 그런 것만 찾아봤어요20대 후회하지 않게 보내는 방법근데 그런 웹사이트 유튜브 영상 뭐어디 카페 들어가서 얘기하는게 전부다 순이가 여행이라고 그래서 그래서여행을 하기 시작했어요 제가 돈욕심은 좀 있는 편인데 물건 욕심이없어서 다행히도 어 모은 돈을여행에가 다 갖다 박아도 뭐 사는데크게 지장이 없었습니다 항상 어디를가든 여행 갈 때마다 친구를 사귀시던데 법이 있나요 또 전공이 어떻게되시는지 궁금합니다 그냥 그 사람들이착하고 외향적이 친구를 사귈 수있었던 거예요 제가 먼저 뭐 다가가서친해지기 위해서 노력을 하거나 그랬던적은 한 번도 없어요 그냥 상대방이얘기해주면 그냥 받아서 쳐 주는 정도아니면은 그냥 웃으면서 인사해 주는정도 그런 거 밖에 없었어요 운이좋았던 거 같아요 연애 몇 번해보셨나요네 번 해봤습니다 MBTI뭔가요 되게 외향적이 거 같아요 저는isfp 집순이라서 상상도 못해 본해외 여행을 세계일주를 하시고 너무신기해서 물어봅니다 아입니다영상에서도 뭐 그렇게 외향적으로 로보이지 않았던 거 같은데 전혀외향적이지 않고요 한국에 있을 땐집밖을 거의 안 나갑니다 가고 싶은지역을 즉흥적으로 정하시기 하는 거같던데 선택하시는 기준이 있는 건지궁금해요 아시아까지 지도에 크게표시되는 도시들을 그냥 아무 이유없이 갔어요 터키를 예어 들자면 그냥확대해서 이렇게 크게 글자 나오는도시들 보이죠 그냥 아무데나 발닿는곳으로 갔습니다 근데 이렇게 하니까사들이 안 보더라고요 그래서 터키벗어나서 터는 하나씩 테마를 정해놓고 돌아다녔습니다 뭐 모나코랑브룬디 포함입니다 영상 너무 재밌게잘 보고 있어요 유튜브 시작하시게 된계기가 궁금해요 이유는 열 가지도넘는데 가장 큰 이유는 직장생활하고정 반대에 있는 걸 해보고 싶었어요해보고 싶었다 그보다는 그렇게했어야만 됐다고 생각했어요 코로나때문에 교환 학생 못 간 거 빼고는이것저것 다 해봤는데 그때 느낀게 아나는 사람들과 뭔가 같이 하는 거에대해서 되게 힘들어 하는 구나를느꼈어요 특히 사람으로부터 받는 그런실망감 하고 스트레스를 제어를 못하더라고요 제가 뭐든지 안 좋은 일있으면은 자고 일어나면 다 괜찮아지는편인데 사람에 대한 스트레스는 그게안 됐어요 객관적으로 이만큼만 받으면되는 스트레스인데 막 이만큼 금씩받고 그거를 계속 축적해 나가더라고요대학 다니면서 누구랑 싸운 적은없는데 막 누구를 싫어하고 미워하게되더라고요 그래서 그럼 제 모습도싫고 상대방도 그만 보고 싶어서 저는절대 직장 생활을 할 수 없다고그렇게 생각을 했습니다 또 다른이유는 마흔 이후에 삶이 그려지지않았어요 제 친구들은 저희과 친구들은다 좋은 회사 들어가서 돈 잘 벌고있는데 저도 뭐 공부를 그렇게 못하지 않았으니까 그들이 가는 회사만큼같겠죠 근데 그렇게 들어가는게 문제가아니라 들어가고 나서부터 마흔 이후의삶이 그려지지가 않더라고요 좀 뉴스에보면은 40대 초반부터 대기업에서 막밀어낸다 그런 얘기가 많잖아요 특히임원들도 점점 나이가 젊어지고 있고근데 제가 40 되면은 그 나이가점점점점 내려와서 30대 후반에도제가 밀려날 수 있는데 그거를 버틸수 있을까 못 버틴다고 생각을 했어요그래서 이것저것 짱구를 걸려 봤고아직 어리고 돈 없고 회복 탄력성이좋은 세 가지 장점을 살려서 돈없어도 계속 맨땅에 헤딩할 수 있는유튜브를 선택을 했고요 원래는 대학생때도 SNS 자체를 안 해서 제얼굴을 이렇게 막 찍고 혼자얘기하는게 부끄러웠는데 지금 뭐아무렇지도 않습니다 재밌습니다 인생좌우명이 있을까요 요즘 영상들 정주행중입니다 항상 응원합니다 좌우명은없고요 제가 사는 인생이 너무감사하고 재밌긴 하는데 뭐 어떤문장을 가슴에 새겨두고 살진 않습니다이것저것 잡지식 많고 언어도 여러 개하실 줄 아시는 거 같은데 어디서공부하셨나요 잡지식이 많은 건 그냥제가 잡놈이라 그런 거 같고 언어는두 개밖에 할 줄 몰라요 한국어랑영화밖에 할 줄 몰라요 일본어는고등학교 학교에서 배우고 불어는대학교 때 독학하고 러시아어는 그냥돌아다니면서 몇 개 단어 주워들은게다지 그거 의사소통이 절대 안 됩니다그냥 아예 할 줄 모른다고 보셔도무방합니다 질문 본래의 성격이용감한지 저는 제가 용감하다고 생각은안 하고요 좀 겁이 없기는 해요원래는 소심한 성격이었는데 대학교다니면서 두 번 바뀌었어요 20살 때책읽고 철학 강연 보면서 한번 바뀌고23살 때 해외봉사 다녀오면서 또한번 바뀌었습니다 그러면서 되게소심했는데 조금 덜 소심하게 된사람이 된 거 같아요 계속 세계 하실건가요 진짜 빠져서 끊임없이 보고있어요 제발 계속해 주세요 아물론입니다 저한테는 이게 일이에요가주신 는 분들이 계시다면 전 계속이일을 하고 싶고 제가 열심히 하든 안하든 언젠가는 여기서 잊혀지고멀어지는 날이 오겠죠 그때는 글 쓰는일을 하거나 강연하는 일을 하고 있지않을까 싶어요 잔잔한 똘끼로 잘 보고있습니다 앞으로의 여행 목표가 뭔가요유튜버로서의 목표도 됩니다 여행목표는 이제는 대한민국 서쪽 끝까지가봤으니까 동쪽 끝까지도 가볼예정이고요 북쪽 끝까지도 생각은해봤는데 그 러시아 밖에 없거든요사실 나라가 그래서 그 재밌게 풀 수있을까가 문제고 남쪽은 전부 다섬으로 되어 있어서 이동하는게 굉불편해요 그래서 그 문제를 어떻게 좀지혜롭게 해결할 수 있는 방법을찾으면 북쪽 남쪽 다 갈 예정입니다그리고 유튜버로서의 목표는 이게 사실예측이 안 되는 부분이거든요 이거뒤에서도 얘기를 할 텐데 내 제가예상한 걸 항상 벗어나더라도하는데 올해 안에 30만 찍으면 더할나위 없이 좋을 것 같습니다 여행할나라를 선택하시는 기준이 궁금합니다너무너무 재밌게 잘 보고 있어요 그저는 물가 저렴한 나라들이대부분입니다 하루 3만 원 내고충분히 먹고 자고 이동할 수 있는그런 거죠 는 예외에요 거기는 그냥가난 가장 가난한 나라라는 테마가있었으니까 간 거고 뭐 비행기가격까지 합치고이 자이한 이것저것수고비 아지 준고 합치면 꽤 많이샀습니다 브론즈에서 브론즈에서 거의제일 많이 쓰지 않았나 싶어요 시골말고 미국 도시 가시는 영상 보고싶어요 물론입니다 미국 갈 미국도 갈거고요 혹시 미국에 특이한 테마가있는데를 알고 계신다면 저한테 알려주시면은 제가 가서 개처럼고르겠습니다 서제로 님은 학창 시절에어떤 학생이었나요 무생 무치 있던학생이었던 거 같아요 반에 대부분을차지하고 있는 지금도 그렇게 제가색깔 있는 사람이라 이라고 생각하지않았는데 지금은 지금보다도 그때가 더물빠진 사람이었습니다 채널명 이름궁금해요 채널명은 저희 집 주소입니다근데 이걸 알고 있는 분이 생각보다많더라고요 종교와 가치관 궁금해종교는 무교 가치관은 딱히 없습니다여행에서 가장 중요하게 생각하는 것은무엇인가요 가장 중요한 건 사람입니다그냥 압도적으로 중요해요 어떤 음식어떤 풍경 그냥 비바 자체가 안됩니다 가장 강렬하고 가장 오래기억되는게 사람이고요 인스타 소통은안 하시나요 저 원래 대학생 때도 안했고 그 여행하면서 잠깐 만들었어요인스타 물 보는 친구들이 많아서그리고 그것도 이제지웠거나야 이거 왜 만드는 거예요이 이걸로뭐 투자 권유 하나요 아니면 여자꼬이나요이 얼굴로 꼬셔 지긴 하나요도대체 왜 하는 거죠 인스타 생각이아직도 없었는데이 친구 때문에만들었어요 아이디는 이거고 이런 거가만히 냅두면 그 다른 사람들이피해를 볼까 봐 그냥 만들었습니다아마 뭐 답장하고 그 사진을 여러 개올리거나 그러진 않을 것 같아요저보다 동생인데 왜 오빠 갔죠 와꾸가사가서 그렇습니다 너무 재밌게 잘살고 있는 거 같아 부럽습니다 나도세계 여행 하고 싶다 경비가 얼마정도면 할 수 있을까요 매번호스텔에서 잔다고 가정을 하면은 월150이 하면은 충분히 여행할 수있습니다 8만 명 축하드려요 만트가자 질문 좋거나 행복했던 나라는무엇인가요 가장 좋았던 건 북극이그요 뭐 7년전에 갔던 프랑스 파리9년 전에 갔던 뉴질랜드 퀸스타운요세 개가 제일 기억에 남습니다 뭐이번에 프랑스 파리에서 안 좋은 일이있긴 했지만 뭐 괜찮습니다 저는 다잊어버려서 여행해 보면서 제일친절했던 나라가 어딘가요 무슬림이사는 국가가 제일 친절해요 뭐 중앙아시아부터 기까지 코소보 무슬림국가거점 친절했어요 영상 보면아시다시피네 그 이집트 팔레스타인은유튜브 영상으로만 봤는데이 친구들싹수가 약간 옐로 오더라고요데 그외에 세속주의 무슬림 국가들은 대체로다 착한 거 같아요 우리가 뉴스에서자주 보는 무슬림 국가는 세속적인무슬림 국가가 아니라 원리주의 무슬림국가입니다 좀 달라요 많이 달라요같은 무슬림이지만 개인적인 소망이지만하루빨리 떡상해서 구독자 팬미팅 같은거로 직접 여행설 듣고 싶어요 저도이런 걸 열면은 좋을 것 같긴 한데고작 제 얘기 듣겠다고 왕복 4시간5시간 왔다가 하시는 분들을 겨우사진 몇 장 찍어주고 앞에서 마이크잡고 몇 마디 한다고 해서 만족을시켜 드릴 수 없다고 생각을 하거든요그게 제가 유튜브 스트리밍 하는 거랑뭐가 다는지 모르겠어요 그래서 멀리오시는 분들한테도 아 진짜 오길잘했다라는 아이디어나 기획이 생기면은그때 꼭 진행하겠습니다 파리가 엄청많이 있던 길거리 음식을 잘 드시던데비위가 정말 좋으신가 봐요 그런 편인거 같아요 딱히 아무 생각 없고요진짜 불에 꾸면 괜찮지 않나 그생각뿐입니다 먹고 탈난 적도 없어요브론디 영 왜 이렇게 잘하시나요 유학가셨나요 감사합니다 유학 가본 적없고요 그 제가 단어가 다 엄청 쉬운거예요 영어 잘하시는 분들은아시겠지만 진짜 쉬운 단어와 문법밖에 안 사용합니다 상대방을 더 잘이해시키려고 그렇게 하기도 하지만영어를 그렇게 잘하는 것도 아닙니다파리 버스 정류장 강도 습격 사건 후강도들 어떻게 처벌되었다 간 공범은잡혔는지 소식 들려온 거 있습니까아니요 그 은가누가 어떤 처벌을받았고 저 목 조르던 친구가 잡혔는지안 잡혔는지 뭐 그런 소식도 안들려왔습니다 근데 그 영상 댓글 중에파리에서 성추행을 당하셔서 깜방에집어 넣으신 분이 계시던데 좀 오래걸리더라도 연락이 온다고 확인하더라고요 그래서 그때까지 기다려보려고 합니다 당장 급한 것도아니고요 구독자 떡상 축하드리고요경비 지출 금액 대충 얼마 들었는지돈 아끼면서 여행하는 꿀팁은 무엇인지궁금합니다 경비는 한 달에 100만원 내외로 썼고요 저는 항상 제일저렴한 버스 숙소 비행기만 이용해서그게 아끼는 가장 큰 지름길이지요근데 그렇게 하고 싶지 않으신 분들은좀 소이 불편해야 돼요 예를 들어서뭐 내가 숙소를 예약한다 그러면은숙수 어플 다섯 개 다운 받아 놓고선다섯 개 다 비교해야 되는데 저는그렇게까지는 잘 안 하고 별점 낮아도그냥 제일 싼데 가서 잤습니다 오펜뭐 뭔가요 대답하지 않겠습니다 세계여행하며 대화를 영어로만 할 수는없었을 텐데 나라마다 언어 소통이어렵지는 않았나요 나아 갈 때마다다양한 언어 하시는게 너무 대단해요저 영어로만 대화했고 할 줄 아는게그거 밖에 없어요 예를 들어서 그런단어는 배워서 가요 예를 들어서터키를 간다 그러면은 안녕하세요감사합니다 저는 터키어를 할 줄모릅니다이 세 개만 공부해서 갑니다그 외에는 할 줄 아는 말 자체가없습니다 세계 영이 끝나면 앞으로의영상 콘텐츠는 무엇으로 하실 건가요해외에 있을 때 는 계속 해외 여행컨텐츠를 만들 거고 국내에 있을 때는국내 여행은 안 할 거예요 국내 여행대신에 어떤 장소를 테마로 해서영상을 만들려고 하는데 사람들이좋아할지는 모르겠어요 일단 한번 해보려고요 편집은 혼자 하시는 거겠죠채널 주인장이 은은하게 돌아 있어서재밌다는 댓글이 있었는데 저도동의합니다네 편집은 혼자 하고요은보다 살짝 더 돌아 있는 거 같기도합니다 곧 신만 이신 거 축하드립니다서제로 님 영상 너무 재밌게 보고있어요 카메라 뭐들고 다 다니면서찍으시는지 궁금했어요 오줌 액션포스입니다 고양이 어디신가요 경기도화성에서 태어나서 일곱살 때까지 거기살았고 그다음에 경기도 평택으로이사왔는데 27살인 지금까지도 여기살고 있습니다 저는 제 고양이 평택이생각해요 프로테스탄트 윤리와 자본주의정신 이론에 대한 개인적 견해를 듣고싶습니다 꼭 답변해 주세요 프로토스는질럿이 중요합니다 영상 정주행중입니다 이런 댓글은 없길래 몸무게는몇 인가야 아마 브론디 영상에몸무게를 물어보시는 거겠죠 그때체중계가 없어서 재보진 않았는데186에 한 60km 되지 않았나싶어요 지금은 80에서 81km 제키에 80에서 81km은 과체중이더라고요 더 계속 지어 려고 밥끼씩 먹으면서 운동하고 있는데 뭐지금은 그래도 별로 마르진 않았습니다추천 여행지 부탁드려요 여행을 많이안 해보셨다면 일본 태국 베트남추천드립니다 티키 가보고 싶은데 어떤국가인가요 티키는 제 일기장에 이렇게써놨더라고요 편집하시는 시간 얼마나걸리나요 재보지 않아서 모르겠어요대충 한 영상 1분당 한시간 걸리지않을까 싶은데 이것도 영상을 얼마나찍어 나에 따라서 천차만별이라서 히등락이큽니다 저렴한숙소 던데 배드버그피해는 없었는지 궁금해요 제가둔감해서 잘 모르겠어요 모인지 배드버그인지 팔이 물렸는데 그냥 모기한테물린 거랑 비슷하게간지럽더니 다니는 여행 유튜브보다서제로 님처럼 다수가 잘 모르는나라를 여행하는 콘텐츠를 좋아하는데이나라들은 어떤 경로를 알게 되셨고여행하게 된 계기가 궁금합니다 알게된 경로는 그냥 유튜브 넘기다가 어여기 재밌어 보이는데 하면은 그냥메모를 해 놔요 그리고 그 메모해놓은 거를 한 달 뒤에 봤을 때도 어재밌겠다 싶으면은 실행으로 옮기고 뭐여행의 계기는 아까 살 때 강박때문이라고 말씀드렸고 지금은 뭐 그런강박이 아예 없습니다 30 30대 때뭐 어떻게 보내야겠다 그런 강박도아예 없어요 앞으로 안전한 여행하시고되도록이면 너무 위험한 곳은 가지않으셨으면 합니다 형님 아이 얘기도하고 싶었는데 아프리카 다 위험한게아니에요 아시아를 예로들자면 아시아안에 대한민국도 있고 아프가니스탄있잖아요 근데 그 두 나라의 치한이말도 안 되게 차이가 나듯이아프리카도 아프리카 나름이에요 브룬디한 나라였던 르완다는 한국을 제치고작년에 여행하기 가장 안전한 나라 전세계 탑 5에 속했다 그요 아프리카국가인데 브론디 한 나라 브론디 바로위에 있는 그 나라 그런 것처럼아프리 도 아프리카 나름입니다 전절대 위험한데 안 가요 그래서 그위험한게 무서워 가지고 남미는 아예안 갈까 생각 중이에요 거기는 강도가저는 그냥 강도랑 이렇게 주먹다짐을했는데 걔네는 그냥 머리에다가 그냥벌집을 놔 버린대 그래서 그게 무서워가지고 뭐 그것도 남미도 도시나름이겠지만 위험한데 안 가면괜찮겠지만 그게 무서워서 아예 안갈까도 생각 중입니다 저 진짜 쫄보에목숨 걸고 여행하지 않습니다 러시아조금 할 줄 아시던데 따로 공부하신건가요 러시아는 네이버 블로그 보고알파벳 조금 배우고 정말 기본적인것만 배웠습니다 그냥 아예 할 줄모른다고 생각하셔도 무방해 무슨햄버거 좋아하시나요 햄버거 다 잘먹는데 맥도날드는 195 롯데리아는불고기버거 맘스터치는 사이버거먹습니다 지금까지 가장 힘들었던 곳은어디였는지 궁금해요 가장 힘들었던데는 튀르키예 거기가 한국보다 더유일한 곳이었거든요 특히 지중의 쪽뭐 내륙은 41도 42도 그늘들어가면 참을 만한데 와 그 지중의근처는 미칠 것 같아요 그 가만히있어도 막 수가 줄줄 나오더라고요저도 서제로 님처럼 여행하면 살이빠질까요 여행하시면서 살 빠졌다고하셔서 엄청 힘들어서 그런가요 아살이 오히려 찌시는 분들도 있고요 뭐저 딱히 힘들어서 그런게 아니라 그냥많이 걷고 돈 아끼려고 음식을 덜먹었거든요 1,000원 2,000원이라도 더 아끼려고 그렇게 미련하게여행했던 건데 이젠 돈 버니까 그렇게궁상맞은 짓 안 합니다 이런 거따라하지 마세요 지금까지 가본 나라모두 말아라 48개국 가봤다 끝이다코수 보편 재미있게 보았습니다 뭔가더 보고 싶은데 짧게 끝난 나라들은영상 촬영을 안 해서 없는 건가요아네 저는 영상에서 말한게 다진짜입니다 뭐 오래 있겠다고 한 데는다 오래 있었고요 코소보 2주 넘게있었어요 대신에 촬영은 안 하고누워서 쉬고 다음나라 어디 갈지 뭐그런 걸 기획을 했거든요 모나코랑브룬디 코소보에서 기획을 했습니다여행하시면서 옷 몇 벌을 챙기신건가요 또 빨래는 어떻게 하셨는지하루 만에 말리던 가요 영상에 나오는옷이 전부입니다 옷을 최대한 줄였고요그게 배낭 부피 줄이는 핵심이라빨래는 대체로 다 말렸습니다 빨래줄도 가지고 갔고 이상형 이상형이상형 이상형 무조건 착한 사람좋아합니다 연예인을 치면은 레드벨벳슬기님 같은 사람 외적인 거는무쌍이거나 상인 사람 화려하게 생긴사람보다는 귀엽게 생긴 사람 그리고뭐 이상형을 만나야겠다다는 안 만나고싶은 그런 사람들이 있는데 거짓말을하는 사'... 32677 more characters
  }
]

=== SUCCESS ===
